<?xml version="1.0"?>
<base>
	<collection>
		<value key="first" x="0"/>
		<value x="7"/>
		<value key="last" x="10"/>
	</collection>
</base>