<?xml version='1.0' encoding='utf-8'?>
<fallback-test xmlns:config="http://www.top-logic.com/ns/config/6.0">
	<a-list-configs/>
</fallback-test>