<?xml version='1.0' encoding='utf-8'?>
<fallback-test xmlns:config="http://www.top-logic.com/ns/config/6.0">
	<b-config stringValue="oldStringValue" intValue="15">
		<a-map-configs>
			<aConfig
				config:interface="test.com.top_logic.basic.config.TestConfigurationFallback$A"
				intValue="15" stringValue="four" />
		</a-map-configs>
	</b-config>
</fallback-test>