<div>
<h1>Dynamic HTML generation</h1>
<p>
	A multiplication table: 
</p>

<table>
	<tr><th>a * b</th><th style="border-left: solid 1px;">1</th><th style="border-left: solid 1px;">2</th><th style="border-left: solid 1px;">3</th><th style="border-left: solid 1px;">4</th><th style="border-left: solid 1px;">5</th><th style="border-left: solid 1px;">6</th><th style="border-left: solid 1px;">7</th><th style="border-left: solid 1px;">8</th><th style="border-left: solid 1px;">9</th></tr>

	<tr><th style="border-top: solid 1px;">1</th><td style="border-left: solid 1px; border-top: solid 1px;">1</td><td style="border-left: solid 1px; border-top: solid 1px;">2</td><td style="border-left: solid 1px; border-top: solid 1px;">3</td><td style="border-left: solid 1px; border-top: solid 1px;">4</td><td style="border-left: solid 1px; border-top: solid 1px;">5</td><td style="border-left: solid 1px; border-top: solid 1px;">6</td><td style="border-left: solid 1px; border-top: solid 1px;">7</td><td style="border-left: solid 1px; border-top: solid 1px;">8</td><td style="border-left: solid 1px; border-top: solid 1px;">9</td></tr>

	<tr><th style="border-top: solid 1px;">2</th><td style="border-left: solid 1px; border-top: solid 1px;">2</td><td style="border-left: solid 1px; border-top: solid 1px;">4</td><td style="border-left: solid 1px; border-top: solid 1px;">6</td><td style="border-left: solid 1px; border-top: solid 1px;">8</td><td style="border-left: solid 1px; border-top: solid 1px;">10</td><td style="border-left: solid 1px; border-top: solid 1px;">12</td><td style="border-left: solid 1px; border-top: solid 1px;">14</td><td style="border-left: solid 1px; border-top: solid 1px;">16</td><td style="border-left: solid 1px; border-top: solid 1px;">18</td></tr>

	<tr><th style="border-top: solid 1px;">3</th><td style="border-left: solid 1px; border-top: solid 1px;">3</td><td style="border-left: solid 1px; border-top: solid 1px;">6</td><td style="border-left: solid 1px; border-top: solid 1px;">9</td><td style="border-left: solid 1px; border-top: solid 1px;">12</td><td style="border-left: solid 1px; border-top: solid 1px;">15</td><td style="border-left: solid 1px; border-top: solid 1px;">18</td><td style="border-left: solid 1px; border-top: solid 1px;">21</td><td style="border-left: solid 1px; border-top: solid 1px;">24</td><td style="border-left: solid 1px; border-top: solid 1px;">27</td></tr>

	<tr><th style="border-top: solid 1px;">4</th><td style="border-left: solid 1px; border-top: solid 1px;">4</td><td style="border-left: solid 1px; border-top: solid 1px;">8</td><td style="border-left: solid 1px; border-top: solid 1px;">12</td><td style="border-left: solid 1px; border-top: solid 1px;">16</td><td style="border-left: solid 1px; border-top: solid 1px;">20</td><td style="border-left: solid 1px; border-top: solid 1px;">24</td><td style="border-left: solid 1px; border-top: solid 1px;">28</td><td style="border-left: solid 1px; border-top: solid 1px;">32</td><td style="border-left: solid 1px; border-top: solid 1px;">36</td></tr>

	<tr><th style="border-top: solid 1px;">5</th><td style="border-left: solid 1px; border-top: solid 1px;">5</td><td style="border-left: solid 1px; border-top: solid 1px;">10</td><td style="border-left: solid 1px; border-top: solid 1px;">15</td><td style="border-left: solid 1px; border-top: solid 1px;">20</td><td style="border-left: solid 1px; border-top: solid 1px;">25</td><td style="border-left: solid 1px; border-top: solid 1px;">30</td><td style="border-left: solid 1px; border-top: solid 1px;">35</td><td style="border-left: solid 1px; border-top: solid 1px;">40</td><td style="border-left: solid 1px; border-top: solid 1px;">45</td></tr>

	<tr><th style="border-top: solid 1px;">6</th><td style="border-left: solid 1px; border-top: solid 1px;">6</td><td style="border-left: solid 1px; border-top: solid 1px;">12</td><td style="border-left: solid 1px; border-top: solid 1px;">18</td><td style="border-left: solid 1px; border-top: solid 1px;">24</td><td style="border-left: solid 1px; border-top: solid 1px;">30</td><td style="border-left: solid 1px; border-top: solid 1px;">36</td><td style="border-left: solid 1px; border-top: solid 1px;">42</td><td style="border-left: solid 1px; border-top: solid 1px;">48</td><td style="border-left: solid 1px; border-top: solid 1px;">54</td></tr>

	<tr><th style="border-top: solid 1px;">7</th><td style="border-left: solid 1px; border-top: solid 1px;">7</td><td style="border-left: solid 1px; border-top: solid 1px;">14</td><td style="border-left: solid 1px; border-top: solid 1px;">21</td><td style="border-left: solid 1px; border-top: solid 1px;">28</td><td style="border-left: solid 1px; border-top: solid 1px;">35</td><td style="border-left: solid 1px; border-top: solid 1px;">42</td><td style="border-left: solid 1px; border-top: solid 1px;">49</td><td style="border-left: solid 1px; border-top: solid 1px;">56</td><td style="border-left: solid 1px; border-top: solid 1px;">63</td></tr>

	<tr><th style="border-top: solid 1px;">8</th><td style="border-left: solid 1px; border-top: solid 1px;">8</td><td style="border-left: solid 1px; border-top: solid 1px;">16</td><td style="border-left: solid 1px; border-top: solid 1px;">24</td><td style="border-left: solid 1px; border-top: solid 1px;">32</td><td style="border-left: solid 1px; border-top: solid 1px;">40</td><td style="border-left: solid 1px; border-top: solid 1px;">48</td><td style="border-left: solid 1px; border-top: solid 1px;">56</td><td style="border-left: solid 1px; border-top: solid 1px;">64</td><td style="border-left: solid 1px; border-top: solid 1px;">72</td></tr>

	<tr><th style="border-top: solid 1px;">9</th><td style="border-left: solid 1px; border-top: solid 1px;">9</td><td style="border-left: solid 1px; border-top: solid 1px;">18</td><td style="border-left: solid 1px; border-top: solid 1px;">27</td><td style="border-left: solid 1px; border-top: solid 1px;">36</td><td style="border-left: solid 1px; border-top: solid 1px;">45</td><td style="border-left: solid 1px; border-top: solid 1px;">54</td><td style="border-left: solid 1px; border-top: solid 1px;">63</td><td style="border-left: solid 1px; border-top: solid 1px;">72</td><td style="border-left: solid 1px; border-top: solid 1px;">81</td></tr>

</table>

</div>